
> ibuc-system@0.1.0 build
> tsc && vite build

[36mvite v5.4.8 [32mbuilding for production...[36m[39m
transforming...
node.exe : Browserslist: caniuse-lite is outdated. Please run:
No linha:1 caractere:1
+ & "C:\nvm4w\nodejs/node.exe" 
"C:\nvm4w\nodejs/node_modules/npm/bin/np ...
+ ~~~~~~~~~~~~~~~~~~~~~~~~~~~~~~~~~~~~~~~~~~~~~~~~~~~~~~~~~~~~~
~~~~~~~~
    + CategoryInfo          : NotSpecified: (Browserslist: c.. 
   .ed. Please run::String) [], RemoteException
    + FullyQualifiedErrorId : NativeCommandError
 
  npx update-browserslist-db@latest
  Why you should do it regularly: 
https://github.com/browserslist/update-db#readme
[32mÔ£ô[39m 2566 modules transformed.
rendering chunks...
[1m[33m[plugin:vite:reporter][39m[22m [33m[plugin 
vite:reporter] 
(!) C:/Projetos/IBUC-System-v2/src/entities/enrollment/api/enro
llment.service.ts is dynamically imported by 
C:/Projetos/IBUC-System-v2/src/app/providers/AppContext.tsx 
but also statically imported by C:/Projetos/IBUC-System-v2/src/
features/enrollments/matricula.service.ts, dynamic import will 
not move module into another chunk.
[39m
[1m[33m[plugin:vite:reporter][39m[22m [33m[plugin 
vite:reporter] 
(!) C:/Projetos/IBUC-System-v2/src/entities/aluno/api/aluno.ser
vice.ts is dynamically imported by 
C:/Projetos/IBUC-System-v2/src/app/providers/AppContext.tsx 
but also statically imported by C:/Projetos/IBUC-System-v2/src/
features/students/DracmasByStudentManagement.tsx, C:/Projetos/I
BUC-System-v2/src/features/students/aluno.service.ts, dynamic 
import will not move module into another chunk.
[39m
[1m[33m[plugin:vite:reporter][39m[22m [33m[plugin 
vite:reporter] 
(!) C:/Projetos/IBUC-System-v2/src/entities/turma/api/turma.ser
vice.ts is dynamically imported by 
C:/Projetos/IBUC-System-v2/src/app/providers/AppContext.tsx 
but also statically imported by C:/Projetos/IBUC-System-v2/src/
features/classes/services/turma.service.ts, dynamic import 
will not move module into another chunk.
[39m
[1m[33m[plugin:vite:reporter][39m[22m [33m[plugin 
vite:reporter] 
(!) C:/Projetos/IBUC-System-v2/src/features/classes/services/tu
rma.service.ts is dynamically imported by 
C:/Projetos/IBUC-System-v2/src/pages/app/AppModulos.tsx but 
also statically imported by C:/Projetos/IBUC-System-v2/src/comp
onents/reports/BoletimView.tsx, C:/Projetos/IBUC-System-v2/src/
components/reports/CertificadoView.tsx, C:/Projetos/IBUC-System
-v2/src/features/classes/BatchClosureModal.tsx, C:/Projetos/IBU
C-System-v2/src/features/classes/ClassManagement.tsx, C:/Projet
os/IBUC-System-v2/src/features/classes/ModuleTransitionWizard.t
sx, C:/Projetos/IBUC-System-v2/src/features/enrollments/hooks/u
sePreMatricula.ts, C:/Projetos/IBUC-System-v2/src/features/mate
rials/MaterialCatalog.tsx, C:/Projetos/IBUC-System-v2/src/featu
res/materials/MaterialOrderManagement.tsx, 
C:/Projetos/IBUC-System-v2/src/pages/app/AppFrequencia.tsx, 
C:/Projetos/IBUC-System-v2/src/services/turma.service.ts, 
dynamic import will not move module into another chunk.
[39m
computing gzip size...
[2mdist/[22m[32mindex.html                                          [39m[1m[2m  5.06 kB[22m[1m[22m[2m Ôöé gzip:   1.60 kB[22m
[2mdist/[22m[35massets/index-DOegFqUT.css                           [39m[1m[2m 85.09 kB[22m[1m[22m[2m Ôöé gzip:  12.51 kB[22m
[2mdist/[22m[36massets/plus-DKVjzAOZ.js                             [39m[1m[2m  0.32 kB[22m[1m[22m[2m Ôöé gzip:   0.25 kB[22m
[2mdist/[22m[36massets/pen-Lrw4m4fS.js                              [39m[1m[2m  0.32 kB[22m[1m[22m[2m Ôöé gzip:   0.27 kB[22m
[2mdist/[22m[36massets/filter-B6o35mpf.js                           [39m[1m[2m  0.33 kB[22m[1m[22m[2m Ôöé gzip:   0.26 kB[22m
[2mdist/[22m[36massets/search-C00yKmZx.js                           [39m[1m[2m  0.34 kB[22m[1m[22m[2m Ôöé gzip:   0.27 kB[22m
[2mdist/[22m[36massets/x-circle-CqmTakat.js                         [39m[1m[2m  0.38 kB[22m[1m[22m[2m Ôöé gzip:   0.28 kB[22m
[2mdist/[22m[36massets/square-pen-BojzQXo0.js                       [39m[1m[2m  0.42 kB[22m[1m[22m[2m Ôöé gzip:   0.31 kB[22m
[2mdist/[22m[36massets/printer-CNyDvFi8.js                          [39m[1m[2m  0.47 kB[22m[1m[22m[2m Ôöé gzip:   0.34 kB[22m
[2mdist/[22m[36massets/trash-2-8uZNHzoJ.js                          [39m[1m[2m  0.53 kB[22m[1m[22m[2m Ôöé gzip:   0.35 kB[22m
[2mdist/[22m[36massets/documento.service-h42cT7kQ.js                [39m[1m[2m  0.54 kB[22m[1m[22m[2m Ôöé gzip:   0.27 kB[22m
[2mdist/[22m[36massets/certificado.service-DF5lMJxp.js              [39m[1m[2m  0.61 kB[22m[1m[22m[2m Ôöé gzip:   0.35 kB[22m
[2mdist/[22m[36massets/video-DxzJlTdI.js                            [39m[1m[2m  0.68 kB[22m[1m[22m[2m Ôöé gzip:   0.36 kB[22m
[2mdist/[22m[36massets/PageHeader-8J1NN7pS.js                       [39m[1m[2m  1.34 kB[22m[1m[22m[2m Ôöé gzip:   0.64 kB[22m
[2mdist/[22m[36massets/diretoria.service-CEVvg5ln.js                [39m[1m[2m  1.42 kB[22m[1m[22m[2m Ôöé gzip:   0.48 kB[22m
[2mdist/[22m[36massets/MatriculaDocumentManagement-DSX-AhRw.js      [39m[1m[2m  2.22 kB[22m[1m[22m[2m Ôöé gzip:   0.99 kB[22m
[2mdist/[22m[36massets/PresencaFormManagement-C8RechD_.js           [39m[1m[2m  3.70 kB[22m[1m[22m[2m Ôöé gzip:   1.30 kB[22m
[2mdist/[22m[36massets/DraftClassesReview-Dr8TOm6d.js               [39m[1m[2m  3.75 kB[22m[1m[22m[2m Ôöé gzip:   1.64 kB[22m
[2mdist/[22m[36massets/FileUpload-DUswvC-V.js                       [39m[1m[2m  4.19 kB[22m[1m[22m[2m Ôöé gzip:   1.89 kB[22m
[2mdist/[22m[36massets/DracmasLaunchManagement-DA9Ln3dw.js          [39m[1m[2m  4.33 kB[22m[1m[22m[2m Ôöé gzip:   1.70 kB[22m
[2mdist/[22m[36massets/AttendanceByStudentManagement-QaJECsBW.js    [39m[1m[2m  4.37 kB[22m[1m[22m[2m Ôöé gzip:   1.41 kB[22m
[2mdist/[22m[36massets/AttendanceByClassManagement-CExZ8KRh.js      [39m[1m[2m  4.61 kB[22m[1m[22m[2m Ôöé gzip:   1.26 kB[22m
[2mdist/[22m[36massets/DracmasByStudentManagement-CIEJoNEF.js       [39m[1m[2m  4.99 kB[22m[1m[22m[2m Ôöé gzip:   1.50 kB[22m
[2mdist/[22m[36massets/DracmasByClassManagement-CbvXmfz4.js         [39m[1m[2m  6.27 kB[22m[1m[22m[2m Ôöé gzip:   2.02 kB[22m
[2mdist/[22m[36massets/FinanceiroManagement-A8t2YY9c.js             [39m[1m[2m  6.85 kB[22m[1m[22m[2m Ôöé gzip:   2.24 kB[22m
[2mdist/[22m[36massets/TreasurerPaymentValidation-2HRRZJg5.js       [39m[1m[2m  8.74 kB[22m[1m[22m[2m Ôöé gzip:   2.83 kB[22m
[2mdist/[22m[36massets/PoloManagementPage-G5_MLP76.js               [39m[1m[2m 10.97 kB[22m[1m[22m[2m Ôöé gzip:   3.29 kB[22m
[2mdist/[22m[36massets/ModulosManagementPage-BFpJm8Zv.js            [39m[1m[2m 11.14 kB[22m[1m[22m[2m Ôöé gzip:   3.03 kB[22m
[2mdist/[22m[36massets/EventManagement-BhluycHn.js                  [39m[1m[2m 12.32 kB[22m[1m[22m[2m Ôöé gzip:   4.01 kB[22m
[2mdist/[22m[36massets/AdminDashboardPage-DRC36xUv.js               [39m[1m[2m 12.90 kB[22m[1m[22m[2m Ôöé gzip:   4.15 kB[22m
[2mdist/[22m[36massets/StaffManagementPage-BtIWZYy7.js              [39m[1m[2m 16.93 kB[22m[1m[22m[2m Ôöé gzip:   4.42 kB[22m
[2mdist/[22m[36massets/DiretoriaManagementPage-BusbARIa.js          [39m[1m[2m 22.37 kB[22m[1m[22m[2m Ôöé gzip:   5.49 kB[22m
[2mdist/[22m[36massets/FrequenciaManagement-BGNLpHzq.js             [39m[1m[2m 25.24 kB[22m[1m[22m[2m Ôöé gzip:   7.17 kB[22m
[2mdist/[22m[36massets/MaterialsManagement-STJjD4ge.js              [39m[1m[2m 32.68 kB[22m[1m[22m[2m Ôöé gzip:   8.52 kB[22m
[2mdist/[22m[36massets/PreMatriculaManagement-D29bs0s6.js           [39m[1m[2m 42.67 kB[22m[1m[22m[2m Ôöé gzip:   9.14 kB[22m
[2mdist/[22m[36massets/StudentManagement-CdvDg7wz.js                [39m[1m[2m 44.18 kB[22m[1m[22m[2m Ôöé gzip:  10.19 kB[22m
[2mdist/[22m[36massets/EducationalReportManagementPage-Dc5Nda0v.js  [39m[1m[2m 46.49 kB[22m[1m[22m[2m Ôöé gzip:   9.85 kB[22m
[2mdist/[22m[36massets/SystemSettingsPage-CUH3-QbV.js               [39m[1m[2m 46.91 kB[22m[1m[22m[2m Ôöé gzip:  12.03 kB[22m
[2mdist/[22m[36massets/ClassManagementPage-7dRvemjV.js              [39m[1m[2m 70.92 kB[22m[1m[22m[2m Ôöé gzip:  19.84 kB[22m
[2mdist/[22m[36massets/supabase-CUfs_bZl.js                         [39m[1m[2m191.17 kB[22m[1m[22m[2m Ôöé gzip:  49.83 kB[22m
[2mdist/[22m[36massets/index-B4vKjJfl.js                            [39m[1m[2m499.06 kB[22m[1m[22m[2m Ôöé gzip: 132.26 kB[22m
[32mÔ£ô built in 23.84s[39m
