
> ibuc-system-backend@1.0.0 build
> nest build

node.exe : [96msrc/usuarios/services/user-management
.service.ts[0m:[93m244[0m:[93m20[0m - 
[91merror[0m[90m TS1144: [0m'{' or ';' expected.
No linha:1 caractere:1
+ & "C:\Program Files\nodejs/node.exe" "C:\Program 
Files\nodejs/node_mo ...
+ ~~~~~~~~~~~~~~~~~~~~~~~~~~~~~~~~~~~~~~~~~~~~~~~~~~~
~~~~~~~~~~~~~~~~~~
    + CategoryInfo          : NotSpecified: ([96msr 
   c/usuari...r ';' expected.:String) [], RemoteExc  
  eption
    + FullyQualifiedErrorId : NativeCommandError
 

[7m244[0m         if (error) throw new 
BadRequestException(`Erro ao atualizar usu├írio: 
${error.message}`);
[7m   [0m [91m                   ~~~~~[0m
[96msrc/usuarios/services/user-management.service.ts
[0m:[93m244[0m:[93m80[0m - [91merror[0m[90m 
TS2552: [0mCannot find name 'error'. Did you mean 
'Error'?

[7m244[0m         if (error) throw new 
BadRequestException(`Erro ao atualizar usu├írio: 
${error.message}`);
[7m   [0m [91m                                    
                                           ~~~~~[0m

  [96mnode_modules/typescript/lib/lib.es5.d.ts[0m:
[93m1087[0m:[93m13[0m
    [7m1087[0m declare var Error: ErrorConstructor;
    [7m    [0m [96m            ~~~~~[0m
    'Error' is declared here.
[96msrc/usuarios/services/user-management.service.ts
[0m:[93m247[0m:[93m13[0m - [91merror[0m[90m 
TS2304: [0mCannot find name 'updateData'.

[7m247[0m         if (updateData.regionalPoloIds 
!== undefined) {
[7m   [0m [91m            ~~~~~~~~~~[0m
[96msrc/usuarios/services/user-management.service.ts
[0m:[93m249[0m:[93m20[0m - [91merror[0m[90m 
TS2532: [0mObject is possibly 'undefined'.

[7m249[0m              await this.supabase
[7m   [0m [91m                   ~~~~[0m
[96msrc/usuarios/services/user-management.service.ts
[0m:[93m253[0m:[93m35[0m - [91merror[0m[90m 
TS2304: [0mCannot find name 'id'.

[7m253[0m                 .eq('usuario_id', id);
[7m   [0m [91m                                  
~~[0m
[96msrc/usuarios/services/user-management.service.ts
[0m:[93m256[0m:[93m32[0m - [91merror[0m[90m 
TS2304: [0mCannot find name 'updateData'.

[7m256[0m              if 
(Array.isArray(updateData.regionalPoloIds) && 
updateData.regionalPoloIds.length > 0) {
[7m   [0m [91m                               
~~~~~~~~~~[0m
[96msrc/usuarios/services/user-management.service.ts
[0m:[93m256[0m:[93m63[0m - [91merror[0m[90m 
TS2304: [0mCannot find name 'updateData'.

[7m256[0m              if 
(Array.isArray(updateData.regionalPoloIds) && 
updateData.regionalPoloIds.length > 0) {
[7m   [0m [91m                                    
                          ~~~~~~~~~~[0m
[96msrc/usuarios/services/user-management.service.ts
[0m:[93m257[0m:[93m34[0m - [91merror[0m[90m 
TS2304: [0mCannot find name 'updateData'.

[7m257[0m                  const inserts = 
updateData.regionalPoloIds.map(poloId => ({
[7m   [0m [91m                                 
~~~~~~~~~~[0m
[96msrc/usuarios/services/user-management.service.ts
[0m:[93m258[0m:[93m34[0m - [91merror[0m[90m 
TS2304: [0mCannot find name 'id'.

[7m258[0m                      usuario_id: id,
[7m   [0m [91m                                 
~~[0m
[96msrc/usuarios/services/user-management.service.ts
[0m:[93m261[0m:[93m24[0m - [91merror[0m[90m 
TS2532: [0mObject is possibly 'undefined'.

[7m261[0m                  await this.supabase
[7m   [0m [91m                       ~~~~[0m
[96msrc/usuarios/services/user-management.service.ts
[0m:[93m269[0m:[93m5[0m - [91merror[0m[90m 
TS1128: [0mDeclaration or statement expected.

[7m269[0m     }
[7m   [0m [91m    ~[0m
[96msrc/usuarios/services/user-management.service.ts
[0m:[93m271[0m:[93m5[0m - [91merror[0m[90m 
TS1434: [0mUnexpected keyword or identifier.

[7m271[0m     async deletarUsuario(id: string) {
[7m   [0m [91m    ~~~~~[0m
[96msrc/usuarios/services/user-management.service.ts
[0m:[93m271[0m:[93m5[0m - [91merror[0m[90m 
TS2304: [0mCannot find name 'async'.

[7m271[0m     async deletarUsuario(id: string) {
[7m   [0m [91m    ~~~~~[0m
[96msrc/usuarios/services/user-management.service.ts
[0m:[93m271[0m:[93m11[0m - [91merror[0m[90m 
TS2304: [0mCannot find name 'deletarUsuario'.

[7m271[0m     async deletarUsuario(id: string) {
[7m   [0m [91m          ~~~~~~~~~~~~~~[0m
[96msrc/usuarios/services/user-management.service.ts
[0m:[93m271[0m:[93m26[0m - [91merror[0m[90m 
TS2304: [0mCannot find name 'id'.

[7m271[0m     async deletarUsuario(id: string) {
[7m   [0m [91m                         ~~[0m
[96msrc/usuarios/services/user-management.service.ts
[0m:[93m271[0m:[93m28[0m - [91merror[0m[90m 
TS1005: [0m',' expected.

[7m271[0m     async deletarUsuario(id: string) {
[7m   [0m [91m                           ~[0m
[96msrc/usuarios/services/user-management.service.ts
[0m:[93m271[0m:[93m30[0m - [91merror[0m[90m 
TS2693: [0m'string' only refers to a type, but is 
being used as a value here.

[7m271[0m     async deletarUsuario(id: string) {
[7m   [0m [91m                             
~~~~~~[0m
[96msrc/usuarios/services/user-management.service.ts
[0m:[93m271[0m:[93m38[0m - [91merror[0m[90m 
TS1005: [0m';' expected.

[7m271[0m     async deletarUsuario(id: string) {
[7m   [0m [91m                                    
 ~[0m
[96msrc/usuarios/services/user-management.service.ts
[0m:[93m272[0m:[93m33[0m - [91merror[0m[90m 
TS2532: [0mObject is possibly 'undefined'.

[7m272[0m         const { error } = await 
this.supabase
[7m   [0m [91m                                
~~~~[0m
[96msrc/usuarios/services/user-management.service.ts
[0m:[93m276[0m:[93m23[0m - [91merror[0m[90m 
TS2304: [0mCannot find name 'id'.

[7m276[0m             .eq('id', id);
[7m   [0m [91m                      ~~[0m
[96msrc/usuarios/services/user-management.service.ts
[0m:[93m281[0m:[93m1[0m - [91merror[0m[90m 
TS1128: [0mDeclaration or statement expected.

[7m281[0m }
[7m   [0m [91m~[0m
[96msrc/usuarios/services/user-password.service.ts[
0m:[93m44[0m:[93m38[0m - [91merror[0m[90m 
TS2339: [0mProperty 'atualizarUsuario' does not 
exist on type 'UserManagementService'.

[7m44[0m         await 
this.managementService.atualizarUsuario(usuario.id, 
{ metadata });
[7m  [0m [91m                                     
~~~~~~~~~~~~~~~~[0m
[96msrc/usuarios/services/user-password.service.ts[
0m:[93m61[0m:[93m38[0m - [91merror[0m[90m 
TS2339: [0mProperty 'atualizarUsuario' does not 
exist on type 'UserManagementService'.

[7m61[0m         await 
this.managementService.atualizarUsuario(usuario.id, {
[7m  [0m [91m                                     
~~~~~~~~~~~~~~~~[0m
[96msrc/usuarios/usuarios.service.ts[0m:[93m149[0
m:[93m35[0m - [91merror[0m[90m TS2339: 
[0mProperty 'atualizarUsuario' does not exist on 
type 'UserManagementService'.

[7m149[0m     return 
this.managementService.atualizarUsuario(id, 
updateData);
[7m   [0m [91m                                  
~~~~~~~~~~~~~~~~[0m
[96msrc/usuarios/usuarios.service.ts[0m:[93m161[0
m:[93m35[0m - [91merror[0m[90m TS2339: 
[0mProperty 'deletarUsuario' does not exist on type 
'UserManagementService'.

[7m161[0m     return 
this.managementService.deletarUsuario(id);
[7m   [0m [91m                                  
~~~~~~~~~~~~~~[0m

Found 25 error(s).

